// Jest Snapshot v1, https://goo.gl/fbAQLP

exports[`renders the component 1`] = `
<AuthProvider>
  <AppContainer
    isAuthStorage={false}
    setAuthStorage={[Function]}
  />
</AuthProvider>
`;
